// Jest Snapshot v1, https://goo.gl/fbAQLP

exports[`EnhancedTextarea EnhancedTextarea should initialize as it is 1`] = `
<textarea
  autoComplete="off"
  autoFocus={true}
  className="test-class"
  id="123"
  onChange={[Function]}
  onKeyDown={[Function]}
  rows={5}
  value="ABC"
  wrap="virtual"
/>
`;
